train samples=1609540 unit_length=1250 task_mode=translation
/venv/ppg/lib/python3.9/site-packages/torch/nn/modules/transformer.py:392: UserWarning: enable_nested_tensor is True, but self.use_nested_tensor is False because encoder_layer.self_attn.batch_first was not True(use batch_first for better inference performance)
  warnings.warn(
params=9.85M
step 100 loss 1.4111 lr 1.00e-03 elapsed 0.02h
step 200 loss 0.6109 lr 1.00e-03 elapsed 0.04h
step 300 loss 0.5494 lr 1.00e-03 elapsed 0.06h
step 400 loss 0.4990 lr 1.00e-03 elapsed 0.08h
step 500 loss 0.4613 lr 1.00e-03 elapsed 0.10h
step 600 loss 0.4731 lr 1.00e-03 elapsed 0.13h
step 700 loss 0.4784 lr 1.00e-03 elapsed 0.15h
step 800 loss 0.4559 lr 1.00e-03 elapsed 0.17h
step 900 loss 0.4176 lr 1.00e-03 elapsed 0.19h
step 1000 loss 0.4394 lr 1.00e-03 elapsed 0.21h
step 1100 loss 0.4389 lr 1.00e-03 elapsed 0.23h
step 1200 loss 0.3935 lr 1.00e-03 elapsed 0.25h
step 1300 loss 0.4214 lr 1.00e-03 elapsed 0.27h
step 1400 loss 0.3976 lr 1.00e-03 elapsed 0.29h
step 1500 loss 0.3730 lr 1.00e-03 elapsed 0.31h
step 1600 loss 0.3826 lr 1.00e-03 elapsed 0.33h
step 1700 loss 0.3777 lr 1.00e-03 elapsed 0.35h
step 1800 loss 0.4019 lr 1.00e-03 elapsed 0.37h
step 1900 loss 0.3601 lr 1.00e-03 elapsed 0.39h
step 2000 loss 0.3617 lr 1.00e-03 elapsed 0.41h
step 2100 loss 0.3887 lr 1.00e-03 elapsed 0.43h
step 2200 loss 0.3547 lr 1.00e-03 elapsed 0.45h
step 2300 loss 0.3514 lr 1.00e-03 elapsed 0.47h
step 2400 loss 0.3804 lr 1.00e-03 elapsed 0.49h
step 2500 loss 0.3776 lr 1.00e-03 elapsed 0.50h
step 2600 loss 0.3591 lr 1.00e-03 elapsed 0.52h
step 2700 loss 0.3695 lr 1.00e-03 elapsed 0.54h
step 2800 loss 0.3827 lr 1.00e-03 elapsed 0.56h
step 2900 loss 0.3594 lr 1.00e-03 elapsed 0.58h
step 3000 loss 0.3577 lr 1.00e-03 elapsed 0.60h
step 3100 loss 0.3520 lr 1.00e-03 elapsed 0.62h
step 3200 loss 0.3517 lr 1.00e-03 elapsed 0.64h
step 3300 loss 0.3525 lr 1.00e-03 elapsed 0.66h
step 3400 loss 0.3715 lr 1.00e-03 elapsed 0.68h
step 3500 loss 0.3626 lr 1.00e-03 elapsed 0.70h
step 3600 loss 0.3543 lr 1.00e-03 elapsed 0.72h
step 3700 loss 0.3552 lr 1.00e-03 elapsed 0.74h
step 3800 loss 0.3504 lr 1.00e-03 elapsed 0.76h
step 3900 loss 0.3511 lr 1.00e-03 elapsed 0.78h
step 4000 loss 0.3452 lr 1.00e-03 elapsed 0.80h
step 4100 loss 0.3518 lr 1.00e-03 elapsed 0.82h
step 4200 loss 0.3588 lr 1.00e-03 elapsed 0.84h
step 4300 loss 0.3535 lr 1.00e-03 elapsed 0.86h
step 4400 loss 0.3606 lr 1.00e-03 elapsed 0.88h
step 4500 loss 0.3523 lr 1.00e-03 elapsed 0.90h
step 4600 loss 0.3766 lr 1.00e-03 elapsed 0.92h
step 4700 loss 0.3490 lr 1.00e-03 elapsed 0.94h
step 4800 loss 0.3499 lr 1.00e-03 elapsed 0.96h
step 4900 loss 0.3532 lr 1.00e-03 elapsed 0.98h
step 5000 loss 0.3477 lr 1.00e-03 elapsed 1.00h
step 5100 loss 0.3638 lr 1.00e-03 elapsed 1.02h
step 5200 loss 0.3483 lr 1.00e-03 elapsed 1.04h
step 5300 loss 0.3486 lr 1.00e-03 elapsed 1.06h
step 5400 loss 0.3508 lr 1.00e-03 elapsed 1.08h
step 5500 loss 0.3590 lr 1.00e-03 elapsed 1.10h
step 5600 loss 0.3457 lr 1.00e-03 elapsed 1.12h
step 5700 loss 0.3511 lr 1.00e-03 elapsed 1.14h
step 5800 loss 0.3564 lr 1.00e-03 elapsed 1.16h
step 5900 loss 0.3656 lr 1.00e-03 elapsed 1.18h
step 6000 loss 0.3682 lr 1.00e-03 elapsed 1.20h
step 6100 loss 0.3512 lr 1.00e-03 elapsed 1.22h
step 6200 loss 0.3675 lr 1.00e-03 elapsed 1.24h
step 6300 loss 0.3501 lr 1.00e-03 elapsed 1.26h
step 6400 loss 0.3533 lr 1.00e-03 elapsed 1.27h
step 6500 loss 0.3431 lr 1.00e-03 elapsed 1.29h
step 6600 loss 0.3613 lr 1.00e-03 elapsed 1.31h
step 6700 loss 0.3399 lr 1.00e-03 elapsed 1.33h
step 6800 loss 0.3356 lr 1.00e-03 elapsed 1.35h
step 6900 loss 0.3624 lr 1.00e-03 elapsed 1.37h
step 7000 loss 0.3507 lr 1.00e-03 elapsed 1.39h
step 7100 loss 0.3352 lr 1.00e-03 elapsed 1.41h
step 7200 loss 0.3543 lr 1.00e-03 elapsed 1.43h
step 7300 loss 0.3476 lr 1.00e-03 elapsed 1.45h
step 7400 loss 0.3401 lr 1.00e-03 elapsed 1.47h
step 7500 loss 0.4612 lr 1.00e-03 elapsed 1.49h
step 7600 loss 1.0005 lr 1.00e-03 elapsed 1.51h
step 7700 loss 0.5866 lr 1.00e-03 elapsed 1.53h
step 7800 loss 0.5458 lr 1.00e-03 elapsed 1.55h
step 7900 loss 0.4777 lr 1.00e-03 elapsed 1.57h
step 8000 loss 0.4780 lr 1.00e-03 elapsed 1.59h
step 8100 loss 0.4919 lr 1.00e-03 elapsed 1.61h
step 8200 loss 0.4201 lr 1.00e-03 elapsed 1.63h
step 8300 loss 0.4144 lr 1.00e-03 elapsed 1.65h
step 8400 loss 0.4113 lr 1.00e-03 elapsed 1.67h
step 8500 loss 0.4026 lr 1.00e-03 elapsed 1.69h
step 8600 loss 0.4010 lr 1.00e-03 elapsed 1.71h
step 8700 loss 0.3909 lr 1.00e-03 elapsed 1.73h
step 8800 loss 0.3743 lr 1.00e-03 elapsed 1.75h
step 8900 loss 0.3798 lr 1.00e-03 elapsed 1.77h
step 9000 loss 0.3905 lr 1.00e-03 elapsed 1.79h
step 9100 loss 0.3935 lr 1.00e-03 elapsed 1.81h
step 9200 loss 0.3449 lr 1.00e-03 elapsed 1.83h
step 9300 loss 0.3730 lr 1.00e-03 elapsed 1.85h
step 9400 loss 0.3799 lr 1.00e-03 elapsed 1.87h
step 9500 loss 0.3609 lr 1.00e-03 elapsed 1.89h
step 9600 loss 0.3477 lr 1.00e-03 elapsed 1.91h
step 9700 loss 0.3645 lr 1.00e-03 elapsed 1.93h
step 9800 loss 0.3446 lr 1.00e-03 elapsed 1.95h
step 9900 loss 0.3625 lr 1.00e-03 elapsed 1.97h
step 10000 loss 0.3658 lr 1.00e-03 elapsed 1.99h
step 10100 loss 0.3597 lr 1.00e-03 elapsed 2.01h
step 10200 loss 0.3571 lr 1.00e-03 elapsed 2.03h
step 10300 loss 0.3612 lr 1.00e-03 elapsed 2.04h
step 10400 loss 0.3613 lr 1.00e-03 elapsed 2.06h
step 10500 loss 0.3553 lr 1.00e-03 elapsed 2.08h
step 10600 loss 0.3406 lr 1.00e-03 elapsed 2.10h
step 10700 loss 0.3528 lr 1.00e-03 elapsed 2.12h
step 10800 loss 0.3498 lr 1.00e-03 elapsed 2.14h
step 10900 loss 0.3460 lr 1.00e-03 elapsed 2.16h
step 11000 loss 0.3259 lr 1.00e-03 elapsed 2.18h
step 11100 loss 0.3463 lr 1.00e-03 elapsed 2.20h
step 11200 loss 0.3651 lr 1.00e-03 elapsed 2.22h
step 11300 loss 0.3978 lr 1.00e-03 elapsed 2.24h
step 11400 loss 0.3696 lr 1.00e-03 elapsed 2.26h
step 11500 loss 0.3591 lr 1.00e-03 elapsed 2.28h
step 11600 loss 0.3372 lr 1.00e-03 elapsed 2.30h
step 11700 loss 0.3384 lr 1.00e-03 elapsed 2.32h
step 11800 loss 0.3355 lr 1.00e-03 elapsed 2.34h
step 11900 loss 0.3340 lr 1.00e-03 elapsed 2.36h
step 12000 loss 0.3559 lr 1.00e-03 elapsed 2.38h
step 12100 loss 0.3325 lr 1.00e-03 elapsed 2.40h
step 12200 loss 0.3380 lr 1.00e-03 elapsed 2.42h
step 12300 loss 0.3476 lr 1.00e-03 elapsed 2.44h
step 12400 loss 0.3423 lr 1.00e-03 elapsed 2.46h
step 12500 loss 0.3381 lr 1.00e-03 elapsed 2.48h
step 12600 loss 0.3586 lr 1.00e-03 elapsed 2.50h
step 12700 loss 0.3473 lr 1.00e-03 elapsed 2.52h
step 12800 loss 0.3393 lr 1.00e-03 elapsed 2.54h
step 12900 loss 0.3504 lr 1.00e-03 elapsed 2.56h
step 13000 loss 0.3315 lr 1.00e-03 elapsed 2.58h
step 13100 loss 0.3443 lr 1.00e-03 elapsed 2.60h
step 13200 loss 0.3488 lr 1.00e-03 elapsed 2.62h
step 13300 loss 0.3788 lr 1.00e-03 elapsed 2.64h
step 13400 loss 0.3564 lr 1.00e-03 elapsed 2.66h
step 13500 loss 0.3654 lr 1.00e-03 elapsed 2.68h
step 13600 loss 0.3310 lr 1.00e-03 elapsed 2.70h
step 13700 loss 0.3463 lr 1.00e-03 elapsed 2.72h
step 13800 loss 0.3388 lr 1.00e-03 elapsed 2.74h
step 13900 loss 0.3344 lr 1.00e-03 elapsed 2.76h
step 14000 loss 0.3369 lr 1.00e-03 elapsed 2.78h
step 14100 loss 0.3312 lr 1.00e-03 elapsed 2.80h
step 14200 loss 0.3512 lr 1.00e-03 elapsed 2.81h
step 14300 loss 0.3436 lr 1.00e-03 elapsed 2.83h
step 14400 loss 0.3478 lr 1.00e-03 elapsed 2.85h
step 14500 loss 0.3418 lr 1.00e-03 elapsed 2.87h
step 14600 loss 0.3272 lr 1.00e-03 elapsed 2.89h
step 14700 loss 0.3391 lr 1.00e-03 elapsed 2.91h
step 14800 loss 0.3326 lr 1.00e-03 elapsed 2.93h
step 14900 loss 0.3423 lr 1.00e-03 elapsed 2.95h
step 15000 loss 0.3403 lr 1.00e-03 elapsed 2.97h
step 15100 loss 0.3408 lr 1.00e-03 elapsed 2.99h
step 15200 loss 0.3224 lr 1.00e-03 elapsed 3.01h
step 15300 loss 0.3426 lr 1.00e-03 elapsed 3.03h
step 15400 loss 0.3339 lr 1.00e-03 elapsed 3.05h
step 15500 loss 0.3344 lr 1.00e-03 elapsed 3.07h
step 15600 loss 0.3366 lr 1.00e-03 elapsed 3.09h
step 15700 loss 0.3355 lr 1.00e-03 elapsed 3.11h
step 15800 loss 0.3552 lr 1.00e-03 elapsed 3.13h
step 15900 loss 0.3388 lr 1.00e-03 elapsed 3.15h
step 16000 loss 0.3413 lr 1.00e-03 elapsed 3.17h
step 16100 loss 0.3398 lr 1.00e-03 elapsed 3.19h
step 16200 loss 0.3261 lr 1.00e-03 elapsed 3.21h
step 16300 loss 0.3372 lr 1.00e-03 elapsed 3.23h
step 16400 loss 0.3506 lr 1.00e-03 elapsed 3.25h
step 16500 loss 0.3286 lr 1.00e-03 elapsed 3.27h
step 16600 loss 0.3303 lr 1.00e-03 elapsed 3.29h
step 16700 loss 0.3520 lr 1.00e-03 elapsed 3.31h
step 16800 loss 0.3496 lr 1.00e-03 elapsed 3.33h
step 16900 loss 0.3333 lr 1.00e-03 elapsed 3.35h
step 17000 loss 0.3242 lr 1.00e-03 elapsed 3.37h
step 17100 loss 0.3401 lr 1.00e-03 elapsed 3.39h
step 17200 loss 0.3433 lr 1.00e-03 elapsed 3.41h
step 17300 loss 0.3266 lr 1.00e-03 elapsed 3.43h
step 17400 loss 0.3340 lr 1.00e-03 elapsed 3.45h
step 17500 loss 0.3369 lr 1.00e-03 elapsed 3.47h
step 17600 loss 0.3318 lr 1.00e-03 elapsed 3.49h
step 17700 loss 0.3487 lr 1.00e-03 elapsed 3.51h
step 17800 loss 0.3466 lr 1.00e-03 elapsed 3.53h
step 17900 loss 0.3442 lr 1.00e-03 elapsed 3.55h
step 18000 loss 0.3443 lr 1.00e-03 elapsed 3.57h
step 18100 loss 0.3360 lr 1.00e-03 elapsed 3.58h
step 18200 loss 0.3179 lr 1.00e-03 elapsed 3.60h
step 18300 loss 0.3269 lr 1.00e-03 elapsed 3.62h
step 18400 loss 0.3390 lr 1.00e-03 elapsed 3.64h
step 18500 loss 0.3515 lr 1.00e-03 elapsed 3.66h
step 18600 loss 0.3436 lr 1.00e-03 elapsed 3.68h
step 18700 loss 0.3396 lr 1.00e-03 elapsed 3.70h
step 18800 loss 0.3321 lr 1.00e-03 elapsed 3.72h
step 18900 loss 0.3272 lr 1.00e-03 elapsed 3.74h
step 19000 loss 0.3315 lr 1.00e-03 elapsed 3.76h
step 19100 loss 0.3335 lr 1.00e-03 elapsed 3.78h
step 19200 loss 0.3392 lr 1.00e-03 elapsed 3.80h
step 19300 loss 0.3215 lr 1.00e-03 elapsed 3.82h
step 19400 loss 0.3180 lr 1.00e-03 elapsed 3.84h
step 19500 loss 0.3337 lr 1.00e-03 elapsed 3.86h
step 19600 loss 0.3408 lr 1.00e-03 elapsed 3.88h
step 19700 loss 0.3388 lr 1.00e-03 elapsed 3.90h
step 19800 loss 0.3419 lr 1.00e-04 elapsed 3.92h
step 19900 loss 0.3205 lr 1.00e-04 elapsed 3.94h
step 20000 loss 0.3140 lr 1.00e-04 elapsed 3.96h
step 20100 loss 0.3219 lr 1.00e-04 elapsed 3.98h
step 20200 loss 0.3187 lr 1.00e-04 elapsed 4.00h
step 20300 loss 0.3121 lr 1.00e-04 elapsed 4.02h
step 20400 loss 0.3150 lr 1.00e-04 elapsed 4.04h
step 20500 loss 0.3238 lr 1.00e-04 elapsed 4.06h
step 20600 loss 0.3145 lr 1.00e-04 elapsed 4.08h
step 20700 loss 0.3205 lr 1.00e-04 elapsed 4.10h
step 20800 loss 0.3142 lr 1.00e-04 elapsed 4.12h
step 20900 loss 0.3137 lr 1.00e-04 elapsed 4.14h
step 21000 loss 0.3025 lr 1.00e-04 elapsed 4.16h
step 21100 loss 0.3148 lr 1.00e-04 elapsed 4.18h
step 21200 loss 0.3205 lr 1.00e-04 elapsed 4.20h
step 21300 loss 0.3324 lr 1.00e-04 elapsed 4.22h
step 21400 loss 0.3098 lr 1.00e-04 elapsed 4.24h
step 21500 loss 0.3074 lr 1.00e-04 elapsed 4.26h
step 21600 loss 0.3126 lr 1.00e-04 elapsed 4.28h
step 21700 loss 0.3190 lr 1.00e-04 elapsed 4.30h
step 21800 loss 0.3313 lr 1.00e-04 elapsed 4.32h
step 21900 loss 0.3197 lr 1.00e-04 elapsed 4.34h
step 22000 loss 0.3358 lr 1.00e-04 elapsed 4.35h
step 22100 loss 0.3268 lr 1.00e-04 elapsed 4.37h
step 22200 loss 0.3194 lr 1.00e-04 elapsed 4.39h
step 22300 loss 0.3015 lr 1.00e-04 elapsed 4.41h
step 22400 loss 0.3262 lr 1.00e-04 elapsed 4.43h
step 22500 loss 0.3212 lr 1.00e-04 elapsed 4.45h
step 22600 loss 0.3132 lr 1.00e-04 elapsed 4.47h
step 22700 loss 0.3060 lr 1.00e-04 elapsed 4.49h
step 22800 loss 0.3210 lr 1.00e-04 elapsed 4.51h
step 22900 loss 0.3124 lr 1.00e-04 elapsed 4.53h
step 23000 loss 0.3080 lr 1.00e-04 elapsed 4.55h
step 23100 loss 0.3176 lr 1.00e-04 elapsed 4.57h
step 23200 loss 0.3247 lr 1.00e-04 elapsed 4.59h
step 23300 loss 0.3074 lr 1.00e-04 elapsed 4.61h
step 23400 loss 0.3341 lr 1.00e-04 elapsed 4.63h
step 23500 loss 0.3274 lr 1.00e-04 elapsed 4.65h
step 23600 loss 0.3109 lr 1.00e-04 elapsed 4.67h
step 23700 loss 0.3059 lr 1.00e-04 elapsed 4.69h
step 23800 loss 0.3152 lr 1.00e-04 elapsed 4.71h
step 23900 loss 0.3164 lr 1.00e-04 elapsed 4.73h
step 24000 loss 0.3114 lr 1.00e-04 elapsed 4.75h
step 24100 loss 0.3154 lr 1.00e-04 elapsed 4.77h
step 24200 loss 0.3200 lr 1.00e-04 elapsed 4.79h
